
[1m[46m RUN [49m[22m [36mv4.0.18 [39m[90mC:/git/boutiquecarne[39m

[90mstdout[2m | src/services/__tests__/dataService.test.js[2m > [22m[2mDataService - Products[2m > [22m[2mshould fetch products and map them correctly
[22m[39mDB RAW RESPONSE: [33m2[39m items found.
Categories present in DB: [ [90mundefined[39m ]

 [32mÔ£ô[39m src/services/__tests__/dataService.test.js[2m > [22mDataService - Products[2m > [22mshould fetch products and map them correctly[32m 8[2mms[22m[39m
 [32mÔ£ô[39m src/services/__tests__/dataService.test.js[2m > [22mDataService - Products[2m > [22mshould create a new product with active: true by default[32m 2[2mms[22m[39m
[90mstdout[2m | src/context/__tests__/AuthContext.test.jsx[2m > [22m[2mAuthContext[2m > [22m[2mshould show guest state if no session exists
[22m[39m[Auth] Checking session (attempt 1)...

[90mstdout[2m | src/context/__tests__/AuthContext.test.jsx[2m > [22m[2mAuthContext[2m > [22m[2mshould show guest state if no session exists
[22m[39m[Auth] No session found: No session

[90mstdout[2m | src/context/__tests__/AuthContext.test.jsx[2m > [22m[2mAuthContext[2m > [22m[2mshould identify admin users correctly
[22m[39m[Auth] Checking session (attempt 1)...

[90mstdout[2m | src/context/__tests__/AuthContext.test.jsx[2m > [22m[2mAuthContext[2m > [22m[2mshould identify admin users correctly
[22m[39m[Auth] Session active: 123 admin@test.com
[Auth] Fetching profile for: 123

node.exe : [90mstderr[2m | src/context/__tests__/AuthContext.test.jsx[2m > [22m[2mAuthContext[2m > 
[22m[2mshould identify admin users correctly
No linha:1 caractere:1
+ & "C:\Program Files\nodejs/node.exe" "C:\Users\Talita\AppData\Roaming ...
+ ~~~~~~~~~~~~~~~~~~~~~~~~~~~~~~~~~~~~~~~~~~~~~~~~~~~~~~~~~~~~~~~~~~~~~
    + CategoryInfo          : NotSpecified: ([90mstderr[2m...users correctly:String) [], RemoteException
    + FullyQualifiedErrorId : NativeCommandError
 
[22m[39mError fetching profile: TypeError: Cannot read properties of undefined (reading 'catch')
    at fetchProfile (C:/git/boutiquecarne/src/context/AuthContext.jsx:51:17)
    at checkSession (C:/git/boutiquecarne/src/context/AuthContext.jsx:92:21)

[90mstderr[2m | src/context/__tests__/AuthContext.test.jsx[2m > [22m[2mAuthContext[2m > [22m[2mshould identify 
admin users correctly
[22m[39m[Auth] Profile fetch error (non-404): TypeError: Cannot read properties of undefined (reading 'catch')
    at fetchProfile (C:/git/boutiquecarne/src/context/AuthContext.jsx:51:17)
    at checkSession (C:/git/boutiquecarne/src/context/AuthContext.jsx:92:21)

 [32mÔ£ô[39m src/context/__tests__/AuthContext.test.jsx[2m > [22mAuthContext[2m > [22mshould show guest state if no session exists[32m 87[2mms[22m[39m
 [31m├ù[39m src/context/__tests__/AuthContext.test.jsx[2m > [22mAuthContext[2m > [22mshould identify admin users correctly[32m 19[2mms[22m[39m
[31m   ÔåÆ [2mexpect([22m[31melement[31m[2m).toHaveTextContent()[22m

Expected element to have text content:
[32m  yes[31m
Received:
[31m  no[31m[39m

[31mÔÄ»ÔÄ»ÔÄ»ÔÄ»ÔÄ»ÔÄ»[39m[1m[41m Failed Suites 1 [49m[22m[31mÔÄ»ÔÄ»ÔÄ»ÔÄ»ÔÄ»ÔÄ»ÔÄ»[39m

[41m[1m FAIL [22m[49m src/components/__tests__/ProductCard.test.jsx[2m [ 
src/components/__tests__/ProductCard.test.jsx ][22m
[31m[1mError[22m: Failed to resolve import "../ProductCard" from "src/components/__tests__/ProductCard.test.jsx". 
Does the file exist?[39m
  Plugin: [35mvite:import-analysis[39m
  File: [36mC:/git/boutiquecarne/src/components/__tests__/ProductCard.test.jsx[39m:5:0
[33m  10 |  const __vi_import_1__ = await import("react");
  11 |  const __vi_import_2__ = await import("@testing-library/react");
  12 |  const __vi_import_3__ = await import("../ProductCard");
     |                                       ^
  13 |  const __vi_import_4__ = await import("../../context/CartContext");
  14 |  const __vi_import_5__ = await import("../../context/AuthContext");[39m
[90m [2mÔØ»[22m TransformPluginContext._formatLog 
node_modules/vite/dist/node/chunks/config.js:[2m28999:43[22m[39m
[90m [2mÔØ»[22m TransformPluginContext.error node_modules/vite/dist/node/chunks/config.js:[2m28996:14[22m[39m
[90m [2mÔØ»[22m normalizeUrl node_modules/vite/dist/node/chunks/config.js:[2m27119:18[22m[39m
[90m [2mÔØ»[22m node_modules/vite/dist/node/chunks/config.js:[2m27177:32[22m[39m
[90m [2mÔØ»[22m TransformPluginContext.transform node_modules/vite/dist/node/chunks/config.js:[2m27145:4[22m[39m
[90m [2mÔØ»[22m EnvironmentPluginContainer.transform 
node_modules/vite/dist/node/chunks/config.js:[2m28797:14[22m[39m
[90m [2mÔØ»[22m loadAndTransform node_modules/vite/dist/node/chunks/config.js:[2m22670:26[22m[39m

[31m[2mÔÄ»ÔÄ»ÔÄ»ÔÄ»ÔÄ»ÔÄ»ÔÄ»ÔÄ»ÔÄ»ÔÄ»ÔÄ»ÔÄ»ÔÄ»ÔÄ»ÔÄ»ÔÄ»ÔÄ»ÔÄ»ÔÄ»ÔÄ»ÔÄ»ÔÄ»ÔÄ»ÔÄ»[1/2]ÔÄ»[22m[39m


[31mÔÄ»ÔÄ»ÔÄ»ÔÄ»ÔÄ»ÔÄ»ÔÄ»[39m[1m[41m Failed Tests 1 [49m[22m[31mÔÄ»ÔÄ»ÔÄ»ÔÄ»ÔÄ»ÔÄ»ÔÄ»[39m

[41m[1m FAIL [22m[49m src/context/__tests__/AuthContext.test.jsx[2m > [22mAuthContext[2m > [22mshould identify 
admin users correctly
[31m[1mError[22m: [2mexpect([22m[31melement[31m[2m).toHaveTextContent()[22m

Expected element to have text content:
[32m  yes[31m
Received:
[31m  no[31m[39m
[36m [2mÔØ»[22m src/context/__tests__/AuthContext.test.jsx:[2m71:48[22m[39m
    [90m 69| [39m
    [90m 70| [39m        await waitFor(() => expect(screen.getByTestId('user-email')).tÔÇª
    [90m 71| [39m        expect(screen.getByTestId('is-admin')).toHaveTextContent('yes'ÔÇª
    [90m   | [39m                                               [31m^[39m
    [90m 72| [39m    })[33m;[39m
    [90m 73| [39m})[33m;[39m

[31m[2mÔÄ»ÔÄ»ÔÄ»ÔÄ»ÔÄ»ÔÄ»ÔÄ»ÔÄ»ÔÄ»ÔÄ»ÔÄ»ÔÄ»ÔÄ»ÔÄ»ÔÄ»ÔÄ»ÔÄ»ÔÄ»ÔÄ»ÔÄ»ÔÄ»ÔÄ»ÔÄ»ÔÄ»[2/2]ÔÄ»[22m[39m


[2m Test Files [22m [1m[31m2 failed[39m[22m[2m | [22m[1m[32m1 passed[39m[22m[90m (3)[39m
[2m      Tests [22m [1m[31m1 failed[39m[22m[2m | [22m[1m[32m3 passed[39m[22m[90m (4)[39m
[2m   Start at [22m 00:14:26
[2m   Duration [22m 4.39s[2m (transform 247ms, setup 1.79s, import 386ms, tests 123ms, environment 8.66s)[22m

